\BOOKMARK [1][-]{section.1}{\376\377\000I\000n\000t\000r\000o\000d\000u\000c\000t\000i\000o\000n}{}% 1
\BOOKMARK [2][-]{subsection.1.1}{\376\377\000W\000h\000a\000t\000\040\000t\000h\000i\000s\000\040\000r\000e\000p\000o\000r\000t\000\040\000f\000o\000c\000u\000s\000e\000s\000\040\000o\000n}{section.1}% 2
\BOOKMARK [2][-]{subsection.1.2}{\376\377\000R\000e\000a\000d\000i\000n\000g\000\040\000m\000a\000p}{section.1}% 3
\BOOKMARK [1][-]{section.2}{\376\377\000S\000y\000s\000t\000e\000m\000\040\000o\000v\000e\000r\000v\000i\000e\000w}{}% 4
\BOOKMARK [2][-]{subsection.2.1}{\376\377\000B\000i\000r\000d\000\040\000e\000y\000e\000\040\000v\000i\000e\000w}{section.2}% 5
\BOOKMARK [2][-]{subsection.2.2}{\376\377\000T\000h\000e\000\040\000m\000a\000s\000t\000e\000r\000,\000\040\000o\000p\000e\000n\000e\000d\000\040\000u\000p}{section.2}% 6
\BOOKMARK [1][-]{section.3}{\376\377\000T\000h\000e\000\040\000F\000P\000G\000A\000\040\000S\000o\000C\000,\000\040\000t\000o\000p\000\040\000l\000e\000v\000e\000l\000\040\000v\000i\000e\000w}{}% 7
\BOOKMARK [2][-]{subsection.3.1}{\376\377\000H\000i\000g\000h\000\040\000l\000e\000v\000e\000l\000\040\000b\000l\000o\000c\000k\000\040\000d\000i\000a\000g\000r\000a\000m}{section.3}% 8
\BOOKMARK [2][-]{subsection.3.2}{\376\377\000B\000u\000s\000\040\000a\000n\000d\000\040\000a\000d\000d\000r\000e\000s\000s\000\040\000m\000a\000p}{section.3}% 9
\BOOKMARK [2][-]{subsection.3.3}{\376\377\000W\000h\000a\000t\000\040\000c\000h\000a\000n\000g\000e\000d\000\040\000f\000r\000o\000m\000\040\000t\000h\000e\000\040\000c\000o\000u\000r\000s\000e\000\040\000t\000e\000m\000p\000l\000a\000t\000e}{section.3}% 10
\BOOKMARK [1][-]{section.4}{\376\377\000C\000o\000m\000p\000o\000n\000e\000n\000t\000\040\000d\000e\000e\000p\000\040\000d\000i\000v\000e\000s}{}% 11
\BOOKMARK [2][-]{subsection.4.1}{\376\377\000T\000h\000e\000\040\000s\000o\000f\000t\000\040\000C\000P\000U}{section.4}% 12
\BOOKMARK [2][-]{subsection.4.2}{\376\377\000C\000l\000o\000c\000k\000\040\000t\000r\000e\000e\000\040\000\050\000r\000P\000L\000L\000\040\000p\000l\000u\000s\000\040\000p\000e\000r\000\040\000p\000e\000r\000i\000p\000h\000e\000r\000a\000l\000\040\000p\000r\000e\000s\000c\000a\000l\000e\000r\000s\000\051}{section.4}% 13
\BOOKMARK [2][-]{subsection.4.3}{\376\377\000S\000D\000R\000A\000M\000\040\000c\000o\000n\000t\000r\000o\000l\000l\000e\000r}{section.4}% 14
\BOOKMARK [3][-]{subsubsection.4.3.1}{\376\377\000I\000n\000i\000t\000\040\000s\000e\000q\000u\000e\000n\000c\000e}{subsection.4.3}% 15
\BOOKMARK [3][-]{subsubsection.4.3.2}{\376\377\000P\000r\000o\000b\000l\000e\000m\000s\000\040\000w\000e\000\040\000h\000a\000d}{subsection.4.3}% 16
\BOOKMARK [2][-]{subsection.4.4}{\376\377\000H\000a\000r\000d\000w\000a\000r\000e\000\040\000a\000c\000c\000e\000l\000e\000r\000a\000t\000o\000r\000\040\000p\000i\000p\000e\000l\000i\000n\000e}{section.4}% 17
\BOOKMARK [3][-]{subsubsection.4.4.1}{\376\377\000T\000h\000e\000\040\000F\000F\000T\000\040\000e\000n\000g\000i\000n\000e}{subsection.4.4}% 18
\BOOKMARK [3][-]{subsubsection.4.4.2}{\376\377\000A\000u\000d\000i\000o\000\040\000d\000e\000c\000o\000d\000e\000r\000,\000\040\000p\000a\000r\000a\000b\000o\000l\000i\000c\000\040\000p\000e\000a\000k\000\040\000i\000n\000t\000e\000r\000p\000o\000l\000a\000t\000i\000o\000n}{subsection.4.4}% 19
\BOOKMARK [3][-]{subsubsection.4.4.3}{\376\377\000T\000h\000e\000\040\000w\000i\000n\000d\000o\000w\000\040\000r\000a\000d\000i\000u\000s\000\040\000p\000r\000o\000b\000l\000e\000m}{subsection.4.4}% 20
\BOOKMARK [2][-]{subsection.4.5}{\376\377\000P\000W\000M\000\040\000s\000p\000e\000a\000k\000e\000r}{section.4}% 21
\BOOKMARK [2][-]{subsection.4.6}{\376\377\000N\000O\000R\000\040\000f\000l\000a\000s\000h\000\040\000c\000o\000n\000t\000r\000o\000l\000l\000e\000r\000\040\000\050\000f\000l\000a\000s\000h\000\137\000c\000t\000r\000l\000\051}{section.4}% 22
\BOOKMARK [3][-]{subsubsection.4.6.1}{\376\377\000M\000e\000m\000o\000r\000y\000\040\000l\000a\000y\000o\000u\000t}{subsection.4.6}% 23
\BOOKMARK [3][-]{subsubsection.4.6.2}{\376\377\000T\000o\000p\000\040\000l\000e\000v\000e\000l\000\040\000s\000t\000a\000t\000e\000\040\000m\000a\000c\000h\000i\000n\000e}{subsection.4.6}% 24
\BOOKMARK [3][-]{subsubsection.4.6.3}{\376\377\000T\000h\000e\000\040\000S\000C\000A\000N\000\040\000s\000t\000r\000a\000t\000e\000g\000y}{subsection.4.6}% 25
\BOOKMARK [3][-]{subsubsection.4.6.4}{\376\377\000B\000l\000o\000c\000k\000\040\000p\000r\000o\000t\000e\000c\000t\000i\000o\000n\000\040\000u\000n\000l\000o\000c\000k\000\040\000a\000t\000\040\000b\000o\000o\000t}{subsection.4.6}% 26
\BOOKMARK [3][-]{subsubsection.4.6.5}{\376\377\000P\000o\000l\000l\000i\000n\000g\000\040\000t\000o\000l\000e\000r\000a\000n\000c\000e}{subsection.4.6}% 27
\BOOKMARK [2][-]{subsection.4.7}{\376\377\000U\000A\000R\000T\000\040\000c\000h\000a\000r\000\040\000m\000o\000d\000u\000l\000e\000s}{section.4}% 28
\BOOKMARK [2][-]{subsection.4.8}{\376\377\000T\000i\000m\000e\000r\000\040\000a\000n\000d\000\040\000G\000P\000I\000O}{section.4}% 29
\BOOKMARK [1][-]{section.5}{\376\377\000O\000u\000t\000s\000i\000d\000e\000\040\000t\000h\000e\000\040\000F\000P\000G\000A}{}% 30
\BOOKMARK [2][-]{subsection.5.1}{\376\377\000T\000h\000e\000\040\000W\0002\0005\000Q\0006\0004\000F\000V\000\040\000N\000O\000R\000\040\000f\000l\000a\000s\000h\000\040\000c\000h\000i\000p}{section.5}% 31
\BOOKMARK [3][-]{subsubsection.5.1.1}{\376\377\000I\000n\000s\000i\000d\000e\000\040\000t\000h\000e\000\040\000N\000O\000R\000\040\000c\000e\000l\000l}{subsection.5.1}% 32
\BOOKMARK [3][-]{subsubsection.5.1.2}{\376\377\000W\000i\000r\000i\000n\000g}{subsection.5.1}% 33
\BOOKMARK [2][-]{subsection.5.2}{\376\377\000E\000m\000b\000e\000d\000d\000e\000d\000\040\000S\000D\000R\000A\000M\000\040\000d\000i\000e}{section.5}% 34
\BOOKMARK [2][-]{subsection.5.3}{\376\377\000S\000P\000I\000\040\000M\000E\000M\000S\000\040\000m\000i\000c\000r\000o\000p\000h\000o\000n\000e}{section.5}% 35
\BOOKMARK [2][-]{subsection.5.4}{\376\377\000O\000p\000\040\000a\000m\000p\000\040\000s\000p\000e\000a\000k\000e\000r\000\040\000b\000u\000f\000f\000e\000r}{section.5}% 36
\BOOKMARK [2][-]{subsection.5.5}{\376\377\000E\000S\000P\0003\0002\000\040\000c\000o\000n\000n\000e\000c\000t\000i\000o\000n\000s}{section.5}% 37
\BOOKMARK [1][-]{section.6}{\376\377\000S\000i\000g\000n\000a\000l\000\040\000i\000n\000t\000e\000g\000r\000i\000t\000y\000,\000\040\000v\000o\000l\000t\000a\000g\000e\000\040\000d\000r\000o\000o\000p\000s\000,\000\040\000d\000e\000c\000o\000u\000p\000l\000i\000n\000g}{}% 38
\BOOKMARK [2][-]{subsection.6.1}{\376\377\000T\000h\000e\000\040\000W\0002\0005\000Q\0006\0004\000F\000V\000\040\000b\000r\000o\000w\000n\000o\000u\000t\000\040\000d\000u\000r\000i\000n\000g\000\040\000s\000e\000c\000t\000o\000r\000\040\000e\000r\000a\000s\000e}{section.6}% 39
\BOOKMARK [2][-]{subsection.6.2}{\376\377\000F\000i\000r\000s\000t\000\040\000c\000a\000p\000a\000c\000i\000t\000o\000r\000:\000\040\0001\000\040\000\265\000F}{section.6}% 40
\BOOKMARK [2][-]{subsection.6.3}{\376\377\000S\000e\000c\000o\000n\000d\000\040\000c\000a\000p\000a\000c\000i\000t\000o\000r\000:\000\040\0001\0000\000\040\000\265\000F\000\040\000i\000n\000\040\000p\000a\000r\000a\000l\000l\000e\000l}{section.6}% 41
\BOOKMARK [2][-]{subsection.6.4}{\376\377\000S\000P\000I\000\040\000c\000l\000o\000c\000k\000\040\000s\000p\000e\000e\000d\000\040\000r\000e\000d\000u\000c\000t\000i\000o\000n}{section.6}% 42
\BOOKMARK [2][-]{subsection.6.5}{\376\377\000R\000e\000t\000r\000y\000\040\000p\000l\000u\000s\000\040\000v\000e\000r\000i\000f\000y\000\040\000o\000n\000\040\000t\000h\000e\000\040\000E\000S\000P\0003\0002\000\040\000s\000i\000d\000e}{section.6}% 43
\BOOKMARK [2][-]{subsection.6.6}{\376\377\000T\000h\000e\000\040\000f\000a\000l\000l\000b\000a\000c\000k\000\040\000F\000F\000L\000\040\000d\000i\000a\000g\000n\000o\000s\000t\000i\000c\000s}{section.6}% 44
\BOOKMARK [1][-]{section.7}{\376\377\000E\000S\000P\0003\0002\000\040\000f\000i\000r\000m\000w\000a\000r\000e}{}% 45
\BOOKMARK [2][-]{subsection.7.1}{\376\377\000A\000r\000c\000h\000i\000t\000e\000c\000t\000u\000r\000e}{section.7}% 46
\BOOKMARK [2][-]{subsection.7.2}{\376\377\000R\000e\000g\000i\000s\000t\000e\000r\000\040\000l\000e\000v\000e\000l\000\040\000U\000A\000R\000T\000,\000\040\000i\000n\000s\000t\000e\000a\000d\000\040\000o\000f\000\040\000H\000a\000r\000d\000w\000a\000r\000e\000S\000e\000r\000i\000a\000l}{section.7}% 47
\BOOKMARK [2][-]{subsection.7.3}{\376\377\000f\000l\000a\000s\000h\000\137\000l\000i\000n\000k\000\040\000w\000i\000t\000h\000\040\000r\000e\000t\000r\000y\000\040\000a\000n\000d\000\040\000v\000e\000r\000i\000f\000y}{section.7}% 48
\BOOKMARK [2][-]{subsection.7.4}{\376\377\000D\000e\000f\000e\000n\000s\000i\000v\000e\000\040\000r\000e\000a\000d\000\040\000o\000f\000\040\000s\000e\000t\000t\000i\000n\000g\000s}{section.7}% 49
\BOOKMARK [1][-]{section.8}{\376\377\000T\000h\000e\000\040\000a\000c\000o\000u\000s\000t\000i\000c\000\040\000p\000r\000o\000t\000o\000c\000o\000l}{}% 50
\BOOKMARK [2][-]{subsection.8.1}{\376\377\000C\000o\000d\000e\000b\000o\000o\000k}{section.8}% 51
\BOOKMARK [2][-]{subsection.8.2}{\376\377\000C\000S\000M\000A\000\040\000o\000n\000\040\000t\000h\000e\000\040\000a\000i\000r}{section.8}% 52
\BOOKMARK [2][-]{subsection.8.3}{\376\377\000R\000e\000t\000r\000i\000e\000s}{section.8}% 53
\BOOKMARK [1][-]{section.9}{\376\377\000W\000h\000a\000t\000\040\000w\000o\000r\000k\000e\000d\000,\000\040\000w\000h\000a\000t\000\040\000d\000i\000d\000\040\000n\000o\000t}{}% 54
\BOOKMARK [2][-]{subsection.9.1}{\376\377\000T\000h\000i\000n\000g\000s\000\040\000t\000h\000a\000t\000\040\000w\000o\000r\000k\000e\000d\000\040\000e\000n\000d\000\040\000t\000o\000\040\000e\000n\000d}{section.9}% 55
\BOOKMARK [2][-]{subsection.9.2}{\376\377\000T\000h\000i\000n\000g\000s\000\040\000w\000e\000\040\000t\000r\000i\000e\000d\000\040\000a\000n\000d\000\040\000d\000i\000s\000c\000a\000r\000d\000e\000d}{section.9}% 56
\BOOKMARK [2][-]{subsection.9.3}{\376\377\000W\000h\000a\000t\000\040\000s\000t\000i\000l\000l\000\040\000w\000o\000b\000b\000l\000e\000s}{section.9}% 57
\BOOKMARK [2][-]{subsection.9.4}{\376\377\000N\000u\000m\000b\000e\000r\000s\000\040\000f\000r\000o\000m\000\040\000t\000h\000e\000\040\000b\000e\000n\000c\000h}{section.9}% 58
\BOOKMARK [1][-]{section.10}{\376\377\000C\000o\000n\000c\000l\000u\000s\000i\000o\000n\000s}{}% 59
\BOOKMARK [1][-]{appendix.A}{\376\377\000Q\000u\000i\000c\000k\000\040\000r\000e\000f\000e\000r\000e\000n\000c\000e\000\040\000c\000a\000r\000d}{}% 60
