GowinSynthesis start
Running parser ...
Analyzing Verilog file '/Users/gioelegiunta/Documents/Carriera Scolastica/PoliTO/1_1/Electronics for embedded systems/Project EFES/efes_project_s360501/src/SDRAM_controller_top_SIP/SDRAM_controller_top_SIP.v'
Analyzing Verilog file '/Users/gioelegiunta/Documents/Carriera Scolastica/PoliTO/1_1/Electronics for embedded systems/Project EFES/efes_project_s360501/src/fft/fft.v'
Analyzing Verilog file '/Users/gioelegiunta/Documents/Carriera Scolastica/PoliTO/1_1/Electronics for embedded systems/Project EFES/efes_project_s360501/src/gowin_picorv32/gowin_picorv32.v'
Analyzing VHDL file '/Users/gioelegiunta/Documents/Carriera Scolastica/PoliTO/1_1/Electronics for embedded systems/Project EFES/efes_project_s360501/src/audio_decoder.vhd'
Analyzing entity 'audio_decoder'("/Users/gioelegiunta/Documents/Carriera Scolastica/PoliTO/1_1/Electronics for embedded systems/Project EFES/efes_project_s360501/src/audio_decoder.vhd":20)
Analyzing architecture 'behavioral'("/Users/gioelegiunta/Documents/Carriera Scolastica/PoliTO/1_1/Electronics for embedded systems/Project EFES/efes_project_s360501/src/audio_decoder.vhd":39)
Analyzing VHDL file '/Users/gioelegiunta/Documents/Carriera Scolastica/PoliTO/1_1/Electronics for embedded systems/Project EFES/efes_project_s360501/src/dma.vhd'
Analyzing entity 'dma'("/Users/gioelegiunta/Documents/Carriera Scolastica/PoliTO/1_1/Electronics for embedded systems/Project EFES/efes_project_s360501/src/dma.vhd":31)
Analyzing architecture 'behavioral'("/Users/gioelegiunta/Documents/Carriera Scolastica/PoliTO/1_1/Electronics for embedded systems/Project EFES/efes_project_s360501/src/dma.vhd":73)
Analyzing VHDL file '/Users/gioelegiunta/Documents/Carriera Scolastica/PoliTO/1_1/Electronics for embedded systems/Project EFES/efes_project_s360501/src/flash_ctrl.vhd'
Analyzing entity 'flash_ctrl'("/Users/gioelegiunta/Documents/Carriera Scolastica/PoliTO/1_1/Electronics for embedded systems/Project EFES/efes_project_s360501/src/flash_ctrl.vhd":5)
Analyzing architecture 'rtl'("/Users/gioelegiunta/Documents/Carriera Scolastica/PoliTO/1_1/Electronics for embedded systems/Project EFES/efes_project_s360501/src/flash_ctrl.vhd":23)
Analyzing VHDL file '/Users/gioelegiunta/Documents/Carriera Scolastica/PoliTO/1_1/Electronics for embedded systems/Project EFES/efes_project_s360501/src/flash_spi.vhd'
Analyzing entity 'spi_flash'("/Users/gioelegiunta/Documents/Carriera Scolastica/PoliTO/1_1/Electronics for embedded systems/Project EFES/efes_project_s360501/src/flash_spi.vhd":5)
Analyzing architecture 'spi_flash_behavioral'("/Users/gioelegiunta/Documents/Carriera Scolastica/PoliTO/1_1/Electronics for embedded systems/Project EFES/efes_project_s360501/src/flash_spi.vhd":23)
Analyzing VHDL file '/Users/gioelegiunta/Documents/Carriera Scolastica/PoliTO/1_1/Electronics for embedded systems/Project EFES/efes_project_s360501/src/gowin_rpll/gowin_rpll.vhd'
Analyzing entity 'gowin_rpll'("/Users/gioelegiunta/Documents/Carriera Scolastica/PoliTO/1_1/Electronics for embedded systems/Project EFES/efes_project_s360501/src/gowin_rpll/gowin_rpll.vhd":14)
Analyzing architecture 'behavioral'("/Users/gioelegiunta/Documents/Carriera Scolastica/PoliTO/1_1/Electronics for embedded systems/Project EFES/efes_project_s360501/src/gowin_rpll/gowin_rpll.vhd":23)
Analyzing VHDL file '/Users/gioelegiunta/Documents/Carriera Scolastica/PoliTO/1_1/Electronics for embedded systems/Project EFES/efes_project_s360501/src/gpio_generic.vhd'
Analyzing entity 'gpio_generic'("/Users/gioelegiunta/Documents/Carriera Scolastica/PoliTO/1_1/Electronics for embedded systems/Project EFES/efes_project_s360501/src/gpio_generic.vhd":5)
Analyzing architecture 'gpio_generic_behavioral'("/Users/gioelegiunta/Documents/Carriera Scolastica/PoliTO/1_1/Electronics for embedded systems/Project EFES/efes_project_s360501/src/gpio_generic.vhd":25)
Analyzing VHDL file '/Users/gioelegiunta/Documents/Carriera Scolastica/PoliTO/1_1/Electronics for embedded systems/Project EFES/efes_project_s360501/src/memory_arbiter.vhd'
Analyzing entity 'memory_arbiter'("/Users/gioelegiunta/Documents/Carriera Scolastica/PoliTO/1_1/Electronics for embedded systems/Project EFES/efes_project_s360501/src/memory_arbiter.vhd":22)
Analyzing architecture 'structural'("/Users/gioelegiunta/Documents/Carriera Scolastica/PoliTO/1_1/Electronics for embedded systems/Project EFES/efes_project_s360501/src/memory_arbiter.vhd":57)
Analyzing VHDL file '/Users/gioelegiunta/Documents/Carriera Scolastica/PoliTO/1_1/Electronics for embedded systems/Project EFES/efes_project_s360501/src/pwm_generic_master.vhd'
Analyzing entity 'pwm_generic'("/Users/gioelegiunta/Documents/Carriera Scolastica/PoliTO/1_1/Electronics for embedded systems/Project EFES/efes_project_s360501/src/pwm_generic_master.vhd":20)
Analyzing architecture 'pwm_generic_behavioral'("/Users/gioelegiunta/Documents/Carriera Scolastica/PoliTO/1_1/Electronics for embedded systems/Project EFES/efes_project_s360501/src/pwm_generic_master.vhd":47)
Analyzing VHDL file '/Users/gioelegiunta/Documents/Carriera Scolastica/PoliTO/1_1/Electronics for embedded systems/Project EFES/efes_project_s360501/src/spi_master.vhd'
Analyzing entity 'spi_master'("/Users/gioelegiunta/Documents/Carriera Scolastica/PoliTO/1_1/Electronics for embedded systems/Project EFES/efes_project_s360501/src/spi_master.vhd":13)
Analyzing architecture 'spi_master_behavioral'("/Users/gioelegiunta/Documents/Carriera Scolastica/PoliTO/1_1/Electronics for embedded systems/Project EFES/efes_project_s360501/src/spi_master.vhd":33)
Analyzing VHDL file '/Users/gioelegiunta/Documents/Carriera Scolastica/PoliTO/1_1/Electronics for embedded systems/Project EFES/efes_project_s360501/src/spi_master_generic.vhd'
Analyzing entity 'spi_master_generic'("/Users/gioelegiunta/Documents/Carriera Scolastica/PoliTO/1_1/Electronics for embedded systems/Project EFES/efes_project_s360501/src/spi_master_generic.vhd":21)
Analyzing architecture 'rtl'("/Users/gioelegiunta/Documents/Carriera Scolastica/PoliTO/1_1/Electronics for embedded systems/Project EFES/efes_project_s360501/src/spi_master_generic.vhd":43)
Analyzing VHDL file '/Users/gioelegiunta/Documents/Carriera Scolastica/PoliTO/1_1/Electronics for embedded systems/Project EFES/efes_project_s360501/src/top.vhd'
Analyzing entity 'top_system'("/Users/gioelegiunta/Documents/Carriera Scolastica/PoliTO/1_1/Electronics for embedded systems/Project EFES/efes_project_s360501/src/top.vhd":5)
Analyzing architecture 'behavioral'("/Users/gioelegiunta/Documents/Carriera Scolastica/PoliTO/1_1/Electronics for embedded systems/Project EFES/efes_project_s360501/src/top.vhd":43)
Analyzing VHDL file '/Users/gioelegiunta/Documents/Carriera Scolastica/PoliTO/1_1/Electronics for embedded systems/Project EFES/efes_project_s360501/src/uart_generic.vhd'
Analyzing entity 'uart_generic'("/Users/gioelegiunta/Documents/Carriera Scolastica/PoliTO/1_1/Electronics for embedded systems/Project EFES/efes_project_s360501/src/uart_generic.vhd":5)
Analyzing architecture 'uart_generic_behavioral'("/Users/gioelegiunta/Documents/Carriera Scolastica/PoliTO/1_1/Electronics for embedded systems/Project EFES/efes_project_s360501/src/uart_generic.vhd":21)
Analyzing VHDL file '/Users/gioelegiunta/Documents/Carriera Scolastica/PoliTO/1_1/Electronics for embedded systems/Project EFES/efes_project_s360501/src/uart_rx_char.vhd'
Analyzing entity 'uart_rx_char'("/Users/gioelegiunta/Documents/Carriera Scolastica/PoliTO/1_1/Electronics for embedded systems/Project EFES/efes_project_s360501/src/uart_rx_char.vhd":7)
Analyzing architecture 'behavioral'("/Users/gioelegiunta/Documents/Carriera Scolastica/PoliTO/1_1/Electronics for embedded systems/Project EFES/efes_project_s360501/src/uart_rx_char.vhd":21)
Analyzing VHDL file '/Users/gioelegiunta/Documents/Carriera Scolastica/PoliTO/1_1/Electronics for embedded systems/Project EFES/efes_project_s360501/src/uart_tx_char.vhd'
Analyzing entity 'uart_tx_char'("/Users/gioelegiunta/Documents/Carriera Scolastica/PoliTO/1_1/Electronics for embedded systems/Project EFES/efes_project_s360501/src/uart_tx_char.vhd":8)
Analyzing architecture 'behavioral'("/Users/gioelegiunta/Documents/Carriera Scolastica/PoliTO/1_1/Electronics for embedded systems/Project EFES/efes_project_s360501/src/uart_tx_char.vhd":23)
Analyzing VHDL file '/Users/gioelegiunta/Documents/Carriera Scolastica/PoliTO/1_1/Electronics for embedded systems/Project EFES/efes_project_s360501/src/wb_interconnect.vhd'
Analyzing entity 'wb_interconnect'("/Users/gioelegiunta/Documents/Carriera Scolastica/PoliTO/1_1/Electronics for embedded systems/Project EFES/efes_project_s360501/src/wb_interconnect.vhd":19)
Analyzing architecture 'behavioral'("/Users/gioelegiunta/Documents/Carriera Scolastica/PoliTO/1_1/Electronics for embedded systems/Project EFES/efes_project_s360501/src/wb_interconnect.vhd":123)
Processing 'top_system(behavioral)'("/Users/gioelegiunta/Documents/Carriera Scolastica/PoliTO/1_1/Electronics for embedded systems/Project EFES/efes_project_s360501/src/top.vhd":5)
WARN  (EX4206) : Using initial value for 'tst_wr_data' since it is never assigned("/Users/gioelegiunta/Documents/Carriera Scolastica/PoliTO/1_1/Electronics for embedded systems/Project EFES/efes_project_s360501/src/top.vhd":401)
Extracting RAM for identifier 'tst_rd_arr2'("/Users/gioelegiunta/Documents/Carriera Scolastica/PoliTO/1_1/Electronics for embedded systems/Project EFES/efes_project_s360501/src/top.vhd":426)
Extracting RAM for identifier 'txf'("/Users/gioelegiunta/Documents/Carriera Scolastica/PoliTO/1_1/Electronics for embedded systems/Project EFES/efes_project_s360501/src/top.vhd":478)
Extracting RAM for identifier 'ausp_mag_buf'("/Users/gioelegiunta/Documents/Carriera Scolastica/PoliTO/1_1/Electronics for embedded systems/Project EFES/efes_project_s360501/src/top.vhd":568)
Extracting RAM for identifier 'fft_bsram'("/Users/gioelegiunta/Documents/Carriera Scolastica/PoliTO/1_1/Electronics for embedded systems/Project EFES/efes_project_s360501/src/top.vhd":604)
Processing 'Gowin_rPLL(Behavioral)'("/Users/gioelegiunta/Documents/Carriera Scolastica/PoliTO/1_1/Electronics for embedded systems/Project EFES/efes_project_s360501/src/gowin_rpll/gowin_rpll.vhd":14)
Processing 'wb_interconnect(behavioral)'("/Users/gioelegiunta/Documents/Carriera Scolastica/PoliTO/1_1/Electronics for embedded systems/Project EFES/efes_project_s360501/src/wb_interconnect.vhd":19)
Switching to Verilog mode to elaborate module 'SDRAM_controller_top_SIP'("/Users/gioelegiunta/Documents/Carriera Scolastica/PoliTO/1_1/Electronics for embedded systems/Project EFES/efes_project_s360501/src/top.vhd":808)
Compiling module 'SDRAM_controller_top_SIP'("/Users/gioelegiunta/Documents/Carriera Scolastica/PoliTO/1_1/Electronics for embedded systems/Project EFES/efes_project_s360501/src/SDRAM_controller_top_SIP/SDRAM_controller_top_SIP.v":2842)
Compiling module '**'("/Users/gioelegiunta/Documents/Carriera Scolastica/PoliTO/1_1/Electronics for embedded systems/Project EFES/efes_project_s360501/src/SDRAM_controller_top_SIP/SDRAM_controller_top_SIP.v":2841)
Returning to VHDL mode to continue with elaboration("/Users/gioelegiunta/Documents/Carriera Scolastica/PoliTO/1_1/Electronics for embedded systems/Project EFES/efes_project_s360501/src/top.vhd":808)
Processing 'dma(behavioral)'("/Users/gioelegiunta/Documents/Carriera Scolastica/PoliTO/1_1/Electronics for embedded systems/Project EFES/efes_project_s360501/src/dma.vhd":31)
Extracting RAM for identifier 'spi_raw_buf'("/Users/gioelegiunta/Documents/Carriera Scolastica/PoliTO/1_1/Electronics for embedded systems/Project EFES/efes_project_s360501/src/dma.vhd":111)
WARN  (EX4206) : Using initial value for 'fft_adr' since it is never assigned("/Users/gioelegiunta/Documents/Carriera Scolastica/PoliTO/1_1/Electronics for embedded systems/Project EFES/efes_project_s360501/src/dma.vhd":133)
WARN  (EX4206) : Using initial value for 'fft_dat' since it is never assigned("/Users/gioelegiunta/Documents/Carriera Scolastica/PoliTO/1_1/Electronics for embedded systems/Project EFES/efes_project_s360501/src/dma.vhd":134)
Switching to Verilog mode to elaborate module 'FFT_Top'("/Users/gioelegiunta/Documents/Carriera Scolastica/PoliTO/1_1/Electronics for embedded systems/Project EFES/efes_project_s360501/src/dma.vhd":224)
Compiling module '**'("/Users/gioelegiunta/Documents/Carriera Scolastica/PoliTO/1_1/Electronics for embedded systems/Project EFES/efes_project_s360501/src/fft/fft.v":2971)
Returning to VHDL mode to continue with elaboration("/Users/gioelegiunta/Documents/Carriera Scolastica/PoliTO/1_1/Electronics for embedded systems/Project EFES/efes_project_s360501/src/dma.vhd":224)
Processing 'SPI_Master(SPI_Master_BEHAVIORAL)'("/Users/gioelegiunta/Documents/Carriera Scolastica/PoliTO/1_1/Electronics for embedded systems/Project EFES/efes_project_s360501/src/spi_master.vhd":13)
Processing 'PWM_GENERIC(clk_hz=40500000,k_recip_g=6949999)(PWM_GENERIC_BEHAVIORAL)'("/Users/gioelegiunta/Documents/Carriera Scolastica/PoliTO/1_1/Electronics for embedded systems/Project EFES/efes_project_s360501/src/pwm_generic_master.vhd":20)
Processing 'PWM_GENERIC(PWM_GENERIC_BEHAVIORAL)'("/Users/gioelegiunta/Documents/Carriera Scolastica/PoliTO/1_1/Electronics for embedded systems/Project EFES/efes_project_s360501/src/pwm_generic_master.vhd":20)
Processing 'GPIO_GENERIC(nbit=1)(GPIO_GENERIC_BEHAVIORAL)'("/Users/gioelegiunta/Documents/Carriera Scolastica/PoliTO/1_1/Electronics for embedded systems/Project EFES/efes_project_s360501/src/gpio_generic.vhd":5)
Processing 'flash_ctrl(clk_hz=40500000,spi_div=64)(rtl)'("/Users/gioelegiunta/Documents/Carriera Scolastica/PoliTO/1_1/Electronics for embedded systems/Project EFES/efes_project_s360501/src/flash_ctrl.vhd":5)
Processing 'uart_rx_char(clk_hz=40500000)(behavioral)'("/Users/gioelegiunta/Documents/Carriera Scolastica/PoliTO/1_1/Electronics for embedded systems/Project EFES/efes_project_s360501/src/uart_rx_char.vhd":7)
Processing 'uart_tx_char(clk_hz=40500000)(behavioral)'("/Users/gioelegiunta/Documents/Carriera Scolastica/PoliTO/1_1/Electronics for embedded systems/Project EFES/efes_project_s360501/src/uart_tx_char.vhd":8)
Processing 'SPI_Flash(prescaler=64)(SPI_Flash_BEHAVIORAL)'("/Users/gioelegiunta/Documents/Carriera Scolastica/PoliTO/1_1/Electronics for embedded systems/Project EFES/efes_project_s360501/src/flash_spi.vhd":5)
Switching to Verilog mode to elaborate module 'Gowin_PicoRV32_Top'("/Users/gioelegiunta/Documents/Carriera Scolastica/PoliTO/1_1/Electronics for embedded systems/Project EFES/efes_project_s360501/src/top.vhd":1017)
Compiling module 'Gowin_PicoRV32_Top'("/Users/gioelegiunta/Documents/Carriera Scolastica/PoliTO/1_1/Electronics for embedded systems/Project EFES/efes_project_s360501/src/gowin_picorv32/gowin_picorv32.v":26798)
Compiling module '**'("/Users/gioelegiunta/Documents/Carriera Scolastica/PoliTO/1_1/Electronics for embedded systems/Project EFES/efes_project_s360501/src/gowin_picorv32/gowin_picorv32.v":20432)
Compiling module '**'("/Users/gioelegiunta/Documents/Carriera Scolastica/PoliTO/1_1/Electronics for embedded systems/Project EFES/efes_project_s360501/src/gowin_picorv32/gowin_picorv32.v":24348)
Compiling module '**'("/Users/gioelegiunta/Documents/Carriera Scolastica/PoliTO/1_1/Electronics for embedded systems/Project EFES/efes_project_s360501/src/gowin_picorv32/gowin_picorv32.v":24860)
Compiling module '**'("/Users/gioelegiunta/Documents/Carriera Scolastica/PoliTO/1_1/Electronics for embedded systems/Project EFES/efes_project_s360501/src/gowin_picorv32/gowin_picorv32.v":25126)
Compiling module '**'("/Users/gioelegiunta/Documents/Carriera Scolastica/PoliTO/1_1/Electronics for embedded systems/Project EFES/efes_project_s360501/src/gowin_picorv32/gowin_picorv32.v":26204)
Compiling module '**'("/Users/gioelegiunta/Documents/Carriera Scolastica/PoliTO/1_1/Electronics for embedded systems/Project EFES/efes_project_s360501/src/gowin_picorv32/gowin_picorv32.v":26519)
Compiling module '**'("/Users/gioelegiunta/Documents/Carriera Scolastica/PoliTO/1_1/Electronics for embedded systems/Project EFES/efes_project_s360501/src/gowin_picorv32/gowin_picorv32.v":26797)
Returning to VHDL mode to continue with elaboration("/Users/gioelegiunta/Documents/Carriera Scolastica/PoliTO/1_1/Electronics for embedded systems/Project EFES/efes_project_s360501/src/top.vhd":1017)
Processing 'UART_GENERIC(UART_GENERIC_BEHAVIORAL)'("/Users/gioelegiunta/Documents/Carriera Scolastica/PoliTO/1_1/Electronics for embedded systems/Project EFES/efes_project_s360501/src/uart_generic.vhd":5)
'others' clause is never selected("/Users/gioelegiunta/Documents/Carriera Scolastica/PoliTO/1_1/Electronics for embedded systems/Project EFES/efes_project_s360501/src/uart_generic.vhd":193)
'others' clause is never selected("/Users/gioelegiunta/Documents/Carriera Scolastica/PoliTO/1_1/Electronics for embedded systems/Project EFES/efes_project_s360501/src/uart_generic.vhd":258)
NOTE  (EX0101) : Current top module is "top_system"
[5%] Running netlist conversion ...
WARN  (CV0016) : Input ser_rx is unused("/Users/gioelegiunta/Documents/Carriera Scolastica/PoliTO/1_1/Electronics for embedded systems/Project EFES/efes_project_s360501/src/top.vhd":10)
Running device independent optimization ...
[10%] Optimizing Phase 0 completed
[15%] Optimizing Phase 1 completed
[25%] Optimizing Phase 2 completed
Running inference ...
[30%] Inferring Phase 0 completed
[40%] Inferring Phase 1 completed
[50%] Inferring Phase 2 completed
[55%] Inferring Phase 3 completed
Running technical mapping ...
[60%] Tech-Mapping Phase 0 completed
[65%] Tech-Mapping Phase 1 completed
[75%] Tech-Mapping Phase 2 completed
[80%] Tech-Mapping Phase 3 completed
[90%] Tech-Mapping Phase 4 completed
[95%] Generate netlist file "/Users/gioelegiunta/Documents/Carriera Scolastica/PoliTO/1_1/Electronics for embedded systems/Project EFES/efes_project_s360501/impl/gwsynthesis/efes_project_s360501.vg" completed
[100%] Generate report file "/Users/gioelegiunta/Documents/Carriera Scolastica/PoliTO/1_1/Electronics for embedded systems/Project EFES/efes_project_s360501/impl/gwsynthesis/efes_project_s360501_syn.rpt.html" completed
GowinSynthesis finish
